8 22
10
######################
 \                   #
#        *         *\#
#*         /  *    \ #
#\ *             * / #
#          *         #
#          \       */#
######################
